Fatal error: exception Failure("parse error near characters 0-0")