[31m Error! Undeclared variable u is being used. ![0m
