[31mTyping is not properly defined in the program ![0m
